die traitor1die traitor2